Detecting compiler hash for triplet x64-linux...
Compiler found: /usr/bin/c++
The following packages are already installed:
  * gperf:x64-linux@3.3
  * libcap:x64-linux@2.78
  * liblzma:x64-linux@5.8.3
  * libmount:x64-linux@2.41.3#1
  * libxcrypt:x64-linux@4.5.2
  * lz4:x64-linux@1.10.0
  * vcpkg-cmake:x64-linux@2025-08-07
  * vcpkg-cmake-config:x64-linux@2026-07-21
  * vcpkg-cmake-get-vars:x64-linux@2025-05-29
  * vcpkg-get-python-packages:x64-linux@2025-04-05
  * vcpkg-make:x64-linux@2026-07-09
  * vcpkg-tool-meson:x64-linux@1.9.0#10
  * zstd:x64-linux@1.5.7
The following packages will be built and installed:
  * dbus[core,systemd]:x64-linux@1.16.2#5
  * expat:x64-linux@2.8.3
    imgui[core,opengl3-binding,sdl3-binding]:x64-linux@1.92.8#1
  * libsystemd:x64-linux@260.2
    sdl3[core,dbus,ibus,wayland,x11]:x64-linux@3.4.14
Additional packages (*) will be modified to complete this operation.
Restored 0 package(s) from /home/hawon/.cache/vcpkg/archives in 10.4 us. Use --debug to see more details.
Installing 1/5 libsystemd:x64-linux@260.2...
libsystemd:x64-linux@260.2 package ABI: 32deeec0879d22838333d40d4809c77d64611b7112435db903eb20a93f2677d0
Building libsystemd:x64-linux@260.2...
-- Found Python version '3.14.4 at /usr/bin/python3'
-- Using meson: /home/hawon/vcpkg/downloads/tools/meson-1.9.0-633807/meson.py
-- Using cached systemd-systemd-v260.2.tar.gz
-- Cleaning sources at /home/hawon/vcpkg/buildtrees/libsystemd/src/v260.2-1a875e5b45.clean. Use --editable to skip cleaning for the packages you specify.
-- Extracting source /home/hawon/vcpkg/downloads/systemd-systemd-v260.2.tar.gz
-- Applying patch disable-warning-nonnull.patch
-- Applying patch only-libsystemd.patch
-- Applying patch pkgconfig.patch
-- Applying patch fix-2604-build.patch
-- Using source at /home/hawon/vcpkg/buildtrees/libsystemd/src/v260.2-1a875e5b45.clean
-- Setting up python virtual environment...
-- Installing python packages: jinja2
-- Setting up python virtual environment... finished.
-- Configuring x64-linux-dbg
-- Getting CMake variables for x64-linux
-- Loading CMake variables from /home/hawon/vcpkg/buildtrees/libsystemd/cmake-get-vars_C_CXX-x64-linux.cmake.log
-- Configuring x64-linux-dbg done
-- Configuring x64-linux-rel
-- Configuring x64-linux-rel done
-- Package x64-linux-dbg
-- Package x64-linux-rel
-- Fixing pkgconfig file: /home/hawon/vcpkg/packages/libsystemd_x64-linux/lib/pkgconfig/libsystemd.pc
-- Fixing pkgconfig file: /home/hawon/vcpkg/packages/libsystemd_x64-linux/debug/lib/pkgconfig/libsystemd.pc
-- Performing post-build validation
Starting submission of libsystemd:x64-linux@260.2 to 1 binary cache(s) in the background
Elapsed time to handle libsystemd:x64-linux: 29 s
Installing 2/5 expat:x64-linux@2.8.3...
expat:x64-linux@2.8.3 package ABI: bfcdd213b03aa7c76b8508d7839379b66fc11ad098676145a6a3a222e88bbc15
Building expat:x64-linux@2.8.3...
Downloading https://github.com/libexpat/libexpat/archive/R_2_8_3.tar.gz -> libexpat-libexpat-R_2_8_3.tar.gz
Successfully downloaded libexpat-libexpat-R_2_8_3.tar.gz
-- Extracting source /home/hawon/vcpkg/downloads/libexpat-libexpat-R_2_8_3.tar.gz
-- Using source at /home/hawon/vcpkg/buildtrees/expat/src/R_2_8_3-e21757c9ab.clean
-- Configuring x64-linux
-- Building x64-linux-dbg
-- Building x64-linux-rel
-- Fixing pkgconfig file: /home/hawon/vcpkg/packages/expat_x64-linux/lib/pkgconfig/expat.pc
-- Fixing pkgconfig file: /home/hawon/vcpkg/packages/expat_x64-linux/debug/lib/pkgconfig/expat.pc
-- Installing: /home/hawon/vcpkg/packages/expat_x64-linux/share/expat/copyright
-- Performing post-build validation
Starting submission of expat:x64-linux@2.8.3 to 1 binary cache(s) in the background
Elapsed time to handle expat:x64-linux: 7.1 s
Completed submission of libsystemd:x64-linux@260.2 to 1 binary cache(s) in 695 ms
Installing 3/5 dbus[core,systemd]:x64-linux@1.16.2#5...
dbus[core,systemd]:x64-linux@1.16.2#5 package ABI: f234690b38c346dbf5b869f26f28e9d38f33bd10e50e878b52b6499735b920b3
Building dbus[core,systemd]:x64-linux@1.16.2#5...
-- Note: dbus only supports dynamic library linkage. Building dynamic library.
Downloading https://gitlab.freedesktop.org//dbus/dbus/-/archive/dbus-1.16.2/dbus-dbus-1.16.2.tar.gz -> dbus-dbus-dbus-1.16.2.tar.gz
Successfully downloaded dbus-dbus-dbus-1.16.2.tar.gz
-- Extracting source /home/hawon/vcpkg/downloads/dbus-dbus-dbus-1.16.2.tar.gz
-- Applying patch cmake.dep.patch
-- Applying patch pkgconfig.patch
-- Applying patch getpeereid.patch
-- Applying patch libsystemd.patch
-- Applying patch remove-path.patch
-- Applying patch remove-var-lib-dbus-creation.patch
-- Applying patch session-socket-dir.diff
-- Using source at /home/hawon/vcpkg/buildtrees/dbus/src/bus-1.16.2-1cbfa372b6.clean
-- Configuring x64-linux
-- Building x64-linux-dbg
-- Building x64-linux-rel
-- Fixing pkgconfig file: /home/hawon/vcpkg/packages/dbus_x64-linux/lib/pkgconfig/dbus-1.pc
-- Fixing pkgconfig file: /home/hawon/vcpkg/packages/dbus_x64-linux/debug/lib/pkgconfig/dbus-1.pc
-- Installing: /home/hawon/vcpkg/packages/dbus_x64-linux/share/dbus/copyright
-- Adjusted RPATH of '/home/hawon/vcpkg/packages/dbus_x64-linux/debug/lib/libdbus-1.so.3.38.3' (From '' -> To '$ORIGIN')
-- Adjusted RPATH of '/home/hawon/vcpkg/packages/dbus_x64-linux/debug/libexec/dbus-daemon-launch-helper' (From '' -> To '$ORIGIN:$ORIGIN/../lib')
-- Adjusted RPATH of '/home/hawon/vcpkg/packages/dbus_x64-linux/debug/tools/dbus/dbus-cleanup-sockets' (From '' -> To '$ORIGIN:$ORIGIN/../../lib')
-- Adjusted RPATH of '/home/hawon/vcpkg/packages/dbus_x64-linux/debug/tools/dbus/dbus-daemon' (From '' -> To '$ORIGIN:$ORIGIN/../../lib')
-- Adjusted RPATH of '/home/hawon/vcpkg/packages/dbus_x64-linux/debug/tools/dbus/dbus-launch' (From '' -> To '$ORIGIN:$ORIGIN/../../lib')
-- Adjusted RPATH of '/home/hawon/vcpkg/packages/dbus_x64-linux/debug/tools/dbus/dbus-monitor' (From '' -> To '$ORIGIN:$ORIGIN/../../lib')
-- Adjusted RPATH of '/home/hawon/vcpkg/packages/dbus_x64-linux/debug/tools/dbus/dbus-run-session' (From '' -> To '$ORIGIN:$ORIGIN/../../lib')
-- Adjusted RPATH of '/home/hawon/vcpkg/packages/dbus_x64-linux/debug/tools/dbus/dbus-send' (From '' -> To '$ORIGIN:$ORIGIN/../../lib')
-- Adjusted RPATH of '/home/hawon/vcpkg/packages/dbus_x64-linux/debug/tools/dbus/dbus-test-tool' (From '' -> To '$ORIGIN:$ORIGIN/../../lib')
-- Adjusted RPATH of '/home/hawon/vcpkg/packages/dbus_x64-linux/debug/tools/dbus/dbus-update-activation-environment' (From '' -> To '$ORIGIN:$ORIGIN/../../lib')
-- Adjusted RPATH of '/home/hawon/vcpkg/packages/dbus_x64-linux/debug/tools/dbus/dbus-uuidgen' (From '' -> To '$ORIGIN:$ORIGIN/../../lib')
-- Adjusted RPATH of '/home/hawon/vcpkg/packages/dbus_x64-linux/lib/libdbus-1.so.3.38.3' (From '' -> To '$ORIGIN')
-- Adjusted RPATH of '/home/hawon/vcpkg/packages/dbus_x64-linux/libexec/dbus-daemon-launch-helper' (From '' -> To '$ORIGIN:$ORIGIN/../lib')
-- Adjusted RPATH of '/home/hawon/vcpkg/packages/dbus_x64-linux/tools/dbus/dbus-cleanup-sockets' (From '' -> To '$ORIGIN:$ORIGIN/../../lib')
-- Adjusted RPATH of '/home/hawon/vcpkg/packages/dbus_x64-linux/tools/dbus/dbus-daemon' (From '' -> To '$ORIGIN:$ORIGIN/../../lib')
-- Adjusted RPATH of '/home/hawon/vcpkg/packages/dbus_x64-linux/tools/dbus/dbus-launch' (From '' -> To '$ORIGIN:$ORIGIN/../../lib')
-- Adjusted RPATH of '/home/hawon/vcpkg/packages/dbus_x64-linux/tools/dbus/dbus-monitor' (From '' -> To '$ORIGIN:$ORIGIN/../../lib')
-- Adjusted RPATH of '/home/hawon/vcpkg/packages/dbus_x64-linux/tools/dbus/dbus-run-session' (From '' -> To '$ORIGIN:$ORIGIN/../../lib')
-- Adjusted RPATH of '/home/hawon/vcpkg/packages/dbus_x64-linux/tools/dbus/dbus-send' (From '' -> To '$ORIGIN:$ORIGIN/../../lib')
-- Adjusted RPATH of '/home/hawon/vcpkg/packages/dbus_x64-linux/tools/dbus/dbus-test-tool' (From '' -> To '$ORIGIN:$ORIGIN/../../lib')
-- Adjusted RPATH of '/home/hawon/vcpkg/packages/dbus_x64-linux/tools/dbus/dbus-update-activation-environment' (From '' -> To '$ORIGIN:$ORIGIN/../../lib')
-- Adjusted RPATH of '/home/hawon/vcpkg/packages/dbus_x64-linux/tools/dbus/dbus-uuidgen' (From '' -> To '$ORIGIN:$ORIGIN/../../lib')
-- Performing post-build validation
Starting submission of dbus[core,systemd]:x64-linux@1.16.2#5 to 1 binary cache(s) in the background
Elapsed time to handle dbus:x64-linux: 20 s
Completed submission of expat:x64-linux@2.8.3 to 1 binary cache(s) in 48.9 ms
Installing 4/5 sdl3[core,dbus,ibus,wayland,x11]:x64-linux@3.4.14...
sdl3[core,dbus,ibus,wayland,x11]:x64-linux@3.4.14 package ABI: e1f2ace8834c4ee359c1175dc2469147c39790a5894011cf1df974b2349a4bcf
Building sdl3[core,dbus,ibus,wayland,x11]:x64-linux@3.4.14...
Downloading https://github.com/libsdl-org/SDL/archive/release-3.4.14.tar.gz -> libsdl-org-SDL-release-3.4.14.tar.gz
Successfully downloaded libsdl-org-SDL-release-3.4.14.tar.gz
-- Extracting source /home/hawon/vcpkg/downloads/libsdl-org-SDL-release-3.4.14.tar.gz
-- Applying patch fix-freebsd.patch
-- Using source at /home/hawon/vcpkg/buildtrees/sdl3/src/ase-3.4.14-af942a6848.clean
CMake Warning at buildtrees/versioning_/versions/sdl3/60d73b127885c8a9fdd1055996490cbfb9b2be18/portfile.cmake:35 (message):
  You will need to install Xorg dependencies to use feature x11:

  sudo apt install libx11-dev libxft-dev libxext-dev

Call Stack (most recent call first):
  scripts/ports.cmake:209 (include)


CMake Warning at buildtrees/versioning_/versions/sdl3/60d73b127885c8a9fdd1055996490cbfb9b2be18/portfile.cmake:38 (message):
  You will need to install Wayland dependencies to use feature wayland:

  sudo apt install libwayland-dev libxkbcommon-dev libegl1-mesa-dev

Call Stack (most recent call first):
  scripts/ports.cmake:209 (include)


CMake Warning at buildtrees/versioning_/versions/sdl3/60d73b127885c8a9fdd1055996490cbfb9b2be18/portfile.cmake:41 (message):
  You will need to install ibus dependencies to use feature ibus:

  sudo apt install libibus-1.0-dev

Call Stack (most recent call first):
  scripts/ports.cmake:209 (include)


-- Configuring x64-linux
CMake Warning at /home/hawon/Documents/DriveTest/build/vcpkg_installed/x64-linux/share/vcpkg-cmake/vcpkg_cmake_configure.cmake:346 (message):
  The following variables are not used in CMakeLists.txt:

      SDL_UNIX_CONSOLE_BUILD

  Please recheck them and remove the unnecessary options from the
  `vcpkg_cmake_configure` call.

  If these options should still be passed for whatever reason, please use the
  `MAYBE_UNUSED_VARIABLES` argument.
Call Stack (most recent call first):
  buildtrees/versioning_/versions/sdl3/60d73b127885c8a9fdd1055996490cbfb9b2be18/portfile.cmake:58 (vcpkg_cmake_configure)
  scripts/ports.cmake:209 (include)


-- Building x64-linux-dbg
-- Building x64-linux-rel
-- Fixing pkgconfig file: /home/hawon/vcpkg/packages/sdl3_x64-linux/lib/pkgconfig/sdl3.pc
-- Fixing pkgconfig file: /home/hawon/vcpkg/packages/sdl3_x64-linux/debug/lib/pkgconfig/sdl3.pc
-- Installing: /home/hawon/vcpkg/packages/sdl3_x64-linux/share/sdl3/usage
-- Performing post-build validation
Starting submission of sdl3[core,dbus,ibus,wayland,x11]:x64-linux@3.4.14 to 1 binary cache(s) in the background
Elapsed time to handle sdl3:x64-linux: 50 s
Completed submission of dbus[core,systemd]:x64-linux@1.16.2#5 to 1 binary cache(s) in 790 ms
Installing 5/5 imgui[core,opengl3-binding,sdl3-binding]:x64-linux@1.92.8#1...
imgui[core,opengl3-binding,sdl3-binding]:x64-linux@1.92.8#1 package ABI: 1a3266190b921d180f799551795a1a0d87352bd741ef5d1c9523d8e8d7cf6d5d
Building imgui[core,opengl3-binding,sdl3-binding]:x64-linux@1.92.8#1...
Downloading https://github.com/ocornut/imgui/archive/v1.92.8.tar.gz -> ocornut-imgui-v1.92.8.tar.gz
Successfully downloaded ocornut-imgui-v1.92.8.tar.gz
-- Extracting source /home/hawon/vcpkg/downloads/ocornut-imgui-v1.92.8.tar.gz
-- Using source at /home/hawon/vcpkg/buildtrees/imgui/src/v1.92.8-8e9c05eb59.clean
-- Configuring x64-linux
-- Building x64-linux-dbg
-- Building x64-linux-rel
-- Installing: /home/hawon/vcpkg/packages/imgui_x64-linux/share/imgui/copyright
-- Performing post-build validation
Starting submission of imgui[core,opengl3-binding,sdl3-binding]:x64-linux@1.92.8#1 to 1 binary cache(s) in the background
Elapsed time to handle imgui:x64-linux: 13 s
Installed contents are licensed to you by owners. Microsoft is not responsible for, nor does it grant any licenses to, third-party packages.
Some packages did not declare an SPDX license. Check the `copyright` file for each package for more information about their licensing.
Packages installed in this vcpkg installation declare the following licenses:
(AFL-2.1 OR GPL-2.0-or-later)
Apache-2.0
BSD-3-Clause
MIT
Zlib
sdl3 provides CMake targets:

  find_package(SDL3 CONFIG REQUIRED)
  target_link_libraries(main PRIVATE SDL3::SDL3)

imgui provides CMake targets:

  # this is heuristically generated, and may not be correct
  find_package(imgui CONFIG REQUIRED)
  target_link_libraries(main PRIVATE imgui::imgui)

Completed submission of sdl3[core,dbus,ibus,wayland,x11]:x64-linux@3.4.14 to 1 binary cache(s) in 1.4 s
Waiting for 1 remaining binary cache submissions...
Completed submission of imgui[core,opengl3-binding,sdl3-binding]:x64-linux@1.92.8#1 to 1 binary cache(s) in 478 ms (1/1)
All requested installations completed successfully in: 2 min
